#####################################################################################################################################################################
                                    The vibrational level indexes, energies, corresponding turning points (tp), and WKB integrals                                    
#####################################################################################################################################################################

             N               | Vibrational energy, kJ mol-1 | tp (left), sqrt(amu) * bohr  | tp (right), sqrt(amu) * bohr | WKB integral, sqrt(Hartree) * amu * bohr
---------------------------------------------------------------------------------------------------------------------------------------------------------------------
             0               |         6.064917e-01         |        -2.136468e+00         |         8.825393e-01         |         6.842119e+00        
             1               |         1.819475e+00         |        -1.444601e+00         |         8.429430e-01         |         5.402153e+00        
             2               |         3.032459e+00         |        -1.102537e+00         |         8.001861e-01         |         4.344893e+00        
             3               |         4.245442e+00         |        -8.564161e-01         |         7.522911e-01         |         3.450162e+00        


##################################################################################################################################################################################################################################################
                                                    The vibrational level indexes, energies, corresponding transmission probabilities (P), reaction rate (k), and tunneling half-lives (t_1/2)                                                    
##################################################################################################################################################################################################################################################

             N               | Vibrational energy, kJ mol-1 |              P               |            k, s-1            |        t_1/2, seconds        |         t_1/2, hours         |         t_1/2, days          |         t_1/2, years        
--------------------------------------------------------------------------------------------------------------------------------------------------------------------------------------------------------------------------------------------------
             0               |         6.064917e-01         |         1.140278e-06         |         3.466239e+06         |         1.999709e-07         |         5.554748e-11         |         2.314479e-12         |         6.341037e-15        
             1               |         1.819475e+00         |         2.031146e-05         |         6.174319e+07         |         1.122629e-08         |         3.118415e-12         |         1.299340e-13         |         3.559834e-16        
             2               |         3.032459e+00         |         1.682677e-04         |         5.115036e+08         |         1.355117e-09         |         3.764214e-13         |         1.568422e-14         |         4.297048e-17        
             3               |         4.245442e+00         |         1.006445e-03         |         3.059412e+09         |         2.265622e-10         |         6.293395e-14         |         2.622248e-15         |         7.184241e-18        




##################################################################################################################################################################################################################################################
                                                                 The average transmission probabilities (P), reaction rate (k), and tunneling half-lives (t_1/2) for T = 11.00 K                                                                  
##################################################################################################################################################################################################################################################

        Temperature          |             T, K             |              P               |            k, s-1            |        t_1/2, seconds        |         t_1/2, hours         |         t_1/2, days          |         t_1/2, years        
--------------------------------------------------------------------------------------------------------------------------------------------------------------------------------------------------------------------------------------------------
       averaged data         |            11.00             |         1.140311e-06         |         3.466341e+06         |         1.999651e-07         |         5.554586e-11         |         2.314411e-12         |         6.340852e-15        




##########################################################################################
                          Arrhenius plot data (tunneling only!)                           
##########################################################################################

            T, K             |            1/T, K            |          ln(k), s-1         
------------------------------------------------------------------------------------------
        1.000000e+03         |         1.000000e-03         |         2.042377e+01        
        9.950000e+02         |         1.005025e-03         |         2.042269e+01        
        9.900000e+02         |         1.010101e-03         |         2.042160e+01        
        9.850000e+02         |         1.015228e-03         |         2.042049e+01        
        9.800000e+02         |         1.020408e-03         |         2.041938e+01        
        9.750000e+02         |         1.025641e-03         |         2.041825e+01        
        9.700000e+02         |         1.030928e-03         |         2.041711e+01        
        9.650000e+02         |         1.036269e-03         |         2.041596e+01        
        9.600000e+02         |         1.041667e-03         |         2.041479e+01        
        9.550000e+02         |         1.047120e-03         |         2.041361e+01        
        9.500000e+02         |         1.052632e-03         |         2.041242e+01        
        9.450000e+02         |         1.058201e-03         |         2.041122e+01        
        9.400000e+02         |         1.063830e-03         |         2.041000e+01        
        9.350000e+02         |         1.069519e-03         |         2.040877e+01        
        9.300000e+02         |         1.075269e-03         |         2.040752e+01        
        9.250000e+02         |         1.081081e-03         |         2.040626e+01        
        9.200000e+02         |         1.086957e-03         |         2.040499e+01        
        9.150000e+02         |         1.092896e-03         |         2.040370e+01        
        9.100000e+02         |         1.098901e-03         |         2.040239e+01        
        9.050000e+02         |         1.104972e-03         |         2.040107e+01        
        9.000000e+02         |         1.111111e-03         |         2.039974e+01        
        8.950000e+02         |         1.117318e-03         |         2.039839e+01        
        8.900000e+02         |         1.123596e-03         |         2.039702e+01        
        8.850000e+02         |         1.129944e-03         |         2.039564e+01        
        8.800000e+02         |         1.136364e-03         |         2.039424e+01        
        8.750000e+02         |         1.142857e-03         |         2.039282e+01        
        8.700000e+02         |         1.149425e-03         |         2.039139e+01        
        8.650000e+02         |         1.156069e-03         |         2.038994e+01        
        8.600000e+02         |         1.162791e-03         |         2.038847e+01        
        8.550000e+02         |         1.169591e-03         |         2.038698e+01        
        8.500000e+02         |         1.176471e-03         |         2.038548e+01        
        8.450000e+02         |         1.183432e-03         |         2.038395e+01        
        8.400000e+02         |         1.190476e-03         |         2.038241e+01        
        8.350000e+02         |         1.197605e-03         |         2.038085e+01        
        8.300000e+02         |         1.204819e-03         |         2.037926e+01        
        8.250000e+02         |         1.212121e-03         |         2.037766e+01        
        8.200000e+02         |         1.219512e-03         |         2.037604e+01        
        8.150000e+02         |         1.226994e-03         |         2.037439e+01        
        8.100000e+02         |         1.234568e-03         |         2.037273e+01        
        8.050000e+02         |         1.242236e-03         |         2.037104e+01        
        8.000000e+02         |         1.250000e-03         |         2.036933e+01        
        7.950000e+02         |         1.257862e-03         |         2.036759e+01        
        7.900000e+02         |         1.265823e-03         |         2.036584e+01        
        7.850000e+02         |         1.273885e-03         |         2.036406e+01        
        7.800000e+02         |         1.282051e-03         |         2.036225e+01        
        7.750000e+02         |         1.290323e-03         |         2.036042e+01        
        7.700000e+02         |         1.298701e-03         |         2.035857e+01        
        7.650000e+02         |         1.307190e-03         |         2.035669e+01        
        7.600000e+02         |         1.315789e-03         |         2.035478e+01        
        7.550000e+02         |         1.324503e-03         |         2.035285e+01        
        7.500000e+02         |         1.333333e-03         |         2.035088e+01        
        7.450000e+02         |         1.342282e-03         |         2.034890e+01        
        7.400000e+02         |         1.351351e-03         |         2.034688e+01        
        7.350000e+02         |         1.360544e-03         |         2.034483e+01        
        7.300000e+02         |         1.369863e-03         |         2.034275e+01        
        7.250000e+02         |         1.379310e-03         |         2.034065e+01        
        7.200000e+02         |         1.388889e-03         |         2.033851e+01        
        7.150000e+02         |         1.398601e-03         |         2.033634e+01        
        7.100000e+02         |         1.408451e-03         |         2.033414e+01        
        7.050000e+02         |         1.418440e-03         |         2.033190e+01        
        7.000000e+02         |         1.428571e-03         |         2.032963e+01        
        6.950000e+02         |         1.438849e-03         |         2.032732e+01        
        6.900000e+02         |         1.449275e-03         |         2.032498e+01        
        6.850000e+02         |         1.459854e-03         |         2.032261e+01        
        6.800000e+02         |         1.470588e-03         |         2.032019e+01        
        6.750000e+02         |         1.481481e-03         |         2.031774e+01        
        6.700000e+02         |         1.492537e-03         |         2.031525e+01        
        6.650000e+02         |         1.503759e-03         |         2.031272e+01        
        6.600000e+02         |         1.515152e-03         |         2.031014e+01        
        6.550000e+02         |         1.526718e-03         |         2.030753e+01        
        6.500000e+02         |         1.538462e-03         |         2.030487e+01        
        6.450000e+02         |         1.550388e-03         |         2.030217e+01        
        6.400000e+02         |         1.562500e-03         |         2.029942e+01        
        6.350000e+02         |         1.574803e-03         |         2.029663e+01        
        6.300000e+02         |         1.587302e-03         |         2.029379e+01        
        6.250000e+02         |         1.600000e-03         |         2.029090e+01        
        6.200000e+02         |         1.612903e-03         |         2.028796e+01        
        6.150000e+02         |         1.626016e-03         |         2.028497e+01        
        6.100000e+02         |         1.639344e-03         |         2.028193e+01        
        6.050000e+02         |         1.652893e-03         |         2.027883e+01        
        6.000000e+02         |         1.666667e-03         |         2.027567e+01        
        5.950000e+02         |         1.680672e-03         |         2.027247e+01        
        5.900000e+02         |         1.694915e-03         |         2.026920e+01        
        5.850000e+02         |         1.709402e-03         |         2.026587e+01        
        5.800000e+02         |         1.724138e-03         |         2.026248e+01        
        5.750000e+02         |         1.739130e-03         |         2.025903e+01        
        5.700000e+02         |         1.754386e-03         |         2.025551e+01        
        5.650000e+02         |         1.769912e-03         |         2.025192e+01        
        5.600000e+02         |         1.785714e-03         |         2.024827e+01        
        5.550000e+02         |         1.801802e-03         |         2.024454e+01        
        5.500000e+02         |         1.818182e-03         |         2.024074e+01        
        5.450000e+02         |         1.834862e-03         |         2.023687e+01        
        5.400000e+02         |         1.851852e-03         |         2.023292e+01        
        5.350000e+02         |         1.869159e-03         |         2.022889e+01        
        5.300000e+02         |         1.886792e-03         |         2.022477e+01        
        5.250000e+02         |         1.904762e-03         |         2.022058e+01        
        5.200000e+02         |         1.923077e-03         |         2.021629e+01        
        5.150000e+02         |         1.941748e-03         |         2.021192e+01        
        5.100000e+02         |         1.960784e-03         |         2.020745e+01        
        5.050000e+02         |         1.980198e-03         |         2.020288e+01        
        5.000000e+02         |         2.000000e-03         |         2.019822e+01        
        4.950000e+02         |         2.020202e-03         |         2.019346e+01        
        4.900000e+02         |         2.040816e-03         |         2.018859e+01        
        4.850000e+02         |         2.061856e-03         |         2.018361e+01        
        4.800000e+02         |         2.083333e-03         |         2.017852e+01        
        4.750000e+02         |         2.105263e-03         |         2.017331e+01        
        4.700000e+02         |         2.127660e-03         |         2.016798e+01        
        4.650000e+02         |         2.150538e-03         |         2.016253e+01        
        4.600000e+02         |         2.173913e-03         |         2.015695e+01        
        4.550000e+02         |         2.197802e-03         |         2.015124e+01        
        4.500000e+02         |         2.222222e-03         |         2.014538e+01        
        4.450000e+02         |         2.247191e-03         |         2.013939e+01        
        4.400000e+02         |         2.272727e-03         |         2.013325e+01        
        4.350000e+02         |         2.298851e-03         |         2.012695e+01        
        4.300000e+02         |         2.325581e-03         |         2.012049e+01        
        4.250000e+02         |         2.352941e-03         |         2.011387e+01        
        4.200000e+02         |         2.380952e-03         |         2.010707e+01        
        4.150000e+02         |         2.409639e-03         |         2.010010e+01        
        4.100000e+02         |         2.439024e-03         |         2.009294e+01        
        4.050000e+02         |         2.469136e-03         |         2.008559e+01        
        4.000000e+02         |         2.500000e-03         |         2.007804e+01        
        3.950000e+02         |         2.531646e-03         |         2.007027e+01        
        3.900000e+02         |         2.564103e-03         |         2.006229e+01        
        3.850000e+02         |         2.597403e-03         |         2.005409e+01        
        3.800000e+02         |         2.631579e-03         |         2.004564e+01        
        3.750000e+02         |         2.666667e-03         |         2.003695e+01        
        3.700000e+02         |         2.702703e-03         |         2.002801e+01        
        3.650000e+02         |         2.739726e-03         |         2.001879e+01        
        3.600000e+02         |         2.777778e-03         |         2.000930e+01        
        3.550000e+02         |         2.816901e-03         |         1.999951e+01        
        3.500000e+02         |         2.857143e-03         |         1.998941e+01        
        3.450000e+02         |         2.898551e-03         |         1.997899e+01        
        3.400000e+02         |         2.941176e-03         |         1.996824e+01        
        3.350000e+02         |         2.985075e-03         |         1.995713e+01        
        3.300000e+02         |         3.030303e-03         |         1.994566e+01        
        3.250000e+02         |         3.076923e-03         |         1.993379e+01        
        3.200000e+02         |         3.125000e-03         |         1.992152e+01        
        3.150000e+02         |         3.174603e-03         |         1.990882e+01        
        3.100000e+02         |         3.225806e-03         |         1.989566e+01        
        3.050000e+02         |         3.278689e-03         |         1.988204e+01        
        3.000000e+02         |         3.333333e-03         |         1.986791e+01        
        2.950000e+02         |         3.389831e-03         |         1.985326e+01        
        2.900000e+02         |         3.448276e-03         |         1.983805e+01        
        2.850000e+02         |         3.508772e-03         |         1.982225e+01        
        2.800000e+02         |         3.571429e-03         |         1.980584e+01        
        2.750000e+02         |         3.636364e-03         |         1.978876e+01        
        2.700000e+02         |         3.703704e-03         |         1.977099e+01        
        2.650000e+02         |         3.773585e-03         |         1.975248e+01        
        2.600000e+02         |         3.846154e-03         |         1.973319e+01        
        2.550000e+02         |         3.921569e-03         |         1.971306e+01        
        2.500000e+02         |         4.000000e-03         |         1.969205e+01        
        2.450000e+02         |         4.081633e-03         |         1.967010e+01        
        2.400000e+02         |         4.166667e-03         |         1.964714e+01        
        2.350000e+02         |         4.255319e-03         |         1.962311e+01        
        2.300000e+02         |         4.347826e-03         |         1.959794e+01        
        2.250000e+02         |         4.444444e-03         |         1.957154e+01        
        2.200000e+02         |         4.545455e-03         |         1.954382e+01        
        2.150000e+02         |         4.651163e-03         |         1.951470e+01        
        2.100000e+02         |         4.761905e-03         |         1.948406e+01        
        2.050000e+02         |         4.878049e-03         |         1.945180e+01        
        2.000000e+02         |         5.000000e-03         |         1.941778e+01        
        1.950000e+02         |         5.128205e-03         |         1.938187e+01        
        1.900000e+02         |         5.263158e-03         |         1.934392e+01        
        1.850000e+02         |         5.405405e-03         |         1.930375e+01        
        1.800000e+02         |         5.555556e-03         |         1.926118e+01        
        1.750000e+02         |         5.714286e-03         |         1.921601e+01        
        1.700000e+02         |         5.882353e-03         |         1.916800e+01        
        1.650000e+02         |         6.060606e-03         |         1.911690e+01        
        1.600000e+02         |         6.250000e-03         |         1.906243e+01        
        1.550000e+02         |         6.451613e-03         |         1.900428e+01        
        1.500000e+02         |         6.666667e-03         |         1.894208e+01        
        1.450000e+02         |         6.896552e-03         |         1.887545e+01        
        1.400000e+02         |         7.142857e-03         |         1.880395e+01        
        1.350000e+02         |         7.407407e-03         |         1.872709e+01        
        1.300000e+02         |         7.692308e-03         |         1.864431e+01        
        1.250000e+02         |         8.000000e-03         |         1.855499e+01        
        1.200000e+02         |         8.333333e-03         |         1.845846e+01        
        1.150000e+02         |         8.695652e-03         |         1.835395e+01        
        1.100000e+02         |         9.090909e-03         |         1.824061e+01        
        1.050000e+02         |         9.523810e-03         |         1.811752e+01        
        1.000000e+02         |         1.000000e-02         |         1.798368e+01        
        9.500000e+01         |         1.052632e-02         |         1.783803e+01        
        9.000000e+01         |         1.111111e-02         |         1.767951e+01        
        8.500000e+01         |         1.176471e-02         |         1.750710e+01        
        8.000000e+01         |         1.250000e-02         |         1.731994e+01        
        7.500000e+01         |         1.333333e-02         |         1.711755e+01        
        7.000000e+01         |         1.428571e-02         |         1.690008e+01        
        6.500000e+01         |         1.538462e-02         |         1.666880e+01        
        6.000000e+01         |         1.666667e-02         |         1.642659e+01        
        5.500000e+01         |         1.818182e-02         |         1.617859e+01        
        5.000000e+01         |         2.000000e-02         |         1.593259e+01        
        4.500000e+01         |         2.222222e-02         |         1.569898e+01        
        4.000000e+01         |         2.500000e-02         |         1.548969e+01        
        3.500000e+01         |         2.857143e-02         |         1.531633e+01        
        3.000000e+01         |         3.333333e-02         |         1.518786e+01        
        2.500000e+01         |         4.000000e-02         |         1.510761e+01        
        2.000000e+01         |         5.000000e-02         |         1.507000e+01        
        1.500000e+01         |         6.666667e-02         |         1.505958e+01        
        1.000000e+01         |         1.000000e-01         |         1.505859e+01        
        5.000000e+00         |         2.000000e-01         |         1.505858e+01        




#####################################################################################################
 The ZPVE-corrected IRC-surface approximated by a cubic spline after offsetting and potential scaling
#####################################################################################################

   IRC, sqrt(amu) * bohr     |       Energy, kJ mol-1      
------------------------------------------------------------
         -4.835440           |           0.000000          
         -4.717063           |           0.009330          
         -4.598686           |           0.023120          
         -4.480308           |           0.042687          
         -4.361931           |           0.065974          
         -4.243554           |           0.092223          
         -4.125177           |           0.120335          
         -4.006800           |           0.149000          
         -3.888423           |           0.177250          
         -3.770045           |           0.203910          
         -3.651668           |           0.228057          
         -3.533291           |           0.249471          
         -3.414914           |           0.267513          
         -3.296537           |           0.282571          
         -3.178160           |           0.295244          
         -3.059782           |           0.306612          
         -2.941405           |           0.318394          
         -2.823028           |           0.331989          
         -2.704651           |           0.350473          
         -2.586274           |           0.376052          
         -2.467897           |           0.412936          
         -2.349519           |           0.463812          
         -2.231142           |           0.533962          
         -2.112765           |           0.627430          
         -1.994388           |           0.747980          
         -1.876011           |           0.903116          
         -1.757634           |           1.095905          
         -1.639256           |           1.331938          
         -1.520879           |           1.613315          
         -1.402502           |           1.942836          
         -1.284125           |           2.326014          
         -1.165748           |           2.770213          
         -1.047371           |           3.278017          
         -0.928993           |           3.856244          
         -0.810616           |           4.506052          
         -0.692239           |           5.228693          
         -0.573862           |           6.026195          
         -0.455485           |           6.880559          
         -0.337107           |           7.760913          
         -0.218730           |           8.630069          
         -0.100353           |           9.400056          
          0.018024           |           9.963577          
          0.136401           |          10.291116          
          0.254778           |          10.261813          
          0.373156           |           9.808445          
          0.491533           |           8.784545          
          0.609910           |           7.166344          
          0.728287           |           4.793601          
          0.846664           |           1.708862          
          0.965041           |          -2.151344          
          1.083419           |          -6.843216          
          1.201796           |          -12.267574         
          1.320173           |          -18.439327         
          1.438550           |          -25.306464         
          1.556927           |          -32.749343         
          1.675304           |          -40.741792         
          1.793682           |          -49.177955         
          1.912059           |          -57.963814         
          2.030436           |          -67.049664         
          2.148813           |          -76.329918         
          2.267190           |          -85.746290         
          2.385567           |          -95.246424         
          2.503945           |         -104.743346         
          2.622322           |         -114.197680         
          2.740699           |         -123.561505         
          2.859076           |         -132.773375         
          2.977453           |         -141.808628         
          3.095831           |         -150.625929         
          3.214208           |         -159.186261         
          3.332585           |         -167.474006         
          3.450962           |         -175.447384         
          3.569339           |         -183.087811         
          3.687716           |         -190.386631         
          3.806094           |         -197.310492         
          3.924471           |         -203.858286         
          4.042848           |         -210.025623         
          4.161225           |         -215.792677         
          4.279602           |         -221.173133         
          4.397979           |         -226.165121         
          4.516357           |         -230.768680         
          4.634734           |         -235.005434         
          4.753111           |         -238.876548         
          4.871488           |         -242.407961         
          4.989865           |         -245.626510         
          5.108242           |         -248.545481         
          5.226620           |         -251.191184         
          5.344997           |         -253.583133         
          5.463374           |         -255.744409         
          5.581751           |         -257.698962         
          5.700128           |         -259.463012         
          5.818505           |         -261.042749         
          5.936883           |         -262.454342         
          6.055260           |         -263.699909         
          6.173637           |         -264.786551         
          6.292014           |         -265.728257         
          6.410391           |         -266.521073         
          6.528768           |         -267.175469         
          6.647146           |         -267.703440         
          6.765523           |         -268.081538         
          6.883900           |         -268.344704         


################################################################################
Offset is defined as E(IRC_min) + ZPVE(IRC_min) − E0 − ZPVE0
################################################################################

                           offset = 0.049829 kJ mol-1                           
