#####################################################################################################################################################################
                                    The vibrational level indexes, energies, corresponding turning points (tp), and WKB integrals                                    
#####################################################################################################################################################################

             N               | Vibrational energy, kJ mol-1 | tp (left), sqrt(amu) * bohr  | tp (right), sqrt(amu) * bohr | WKB integral, sqrt(Hartree) * amu * bohr
---------------------------------------------------------------------------------------------------------------------------------------------------------------------
             0               |         6.064917e-01         |        -2.136468e+00         |         8.825393e-01         |         6.842119e+00        
             1               |         1.819475e+00         |        -1.444601e+00         |         8.429430e-01         |         5.402153e+00        
             2               |         3.032459e+00         |        -1.102537e+00         |         8.001861e-01         |         4.344893e+00        
             3               |         4.245442e+00         |        -8.564161e-01         |         7.522911e-01         |         3.450162e+00        


##################################################################################################################################################################################################################################################
                                                    The vibrational level indexes, energies, corresponding transmission probabilities (P), reaction rate (k), and tunneling half-lives (t_1/2)                                                    
##################################################################################################################################################################################################################################################

             N               | Vibrational energy, kJ mol-1 |              P               |            k, s-1            |        t_1/2, seconds        |         t_1/2, hours         |         t_1/2, days          |         t_1/2, years        
--------------------------------------------------------------------------------------------------------------------------------------------------------------------------------------------------------------------------------------------------
             0               |         6.064917e-01         |         1.140278e-06         |         3.466239e+06         |         1.999709e-07         |         5.554748e-11         |         2.314479e-12         |         6.341037e-15        
             1               |         1.819475e+00         |         2.031146e-05         |         6.174319e+07         |         1.122629e-08         |         3.118415e-12         |         1.299340e-13         |         3.559834e-16        
             2               |         3.032459e+00         |         1.682677e-04         |         5.115036e+08         |         1.355117e-09         |         3.764214e-13         |         1.568422e-14         |         4.297048e-17        
             3               |         4.245442e+00         |         1.006445e-03         |         3.059412e+09         |         2.265622e-10         |         6.293395e-14         |         2.622248e-15         |         7.184241e-18        




##################################################################################################################################################################################################################################################
                                                                 The average transmission probabilities (P), reaction rate (k), and tunneling half-lives (t_1/2) for T = 11.00 K                                                                  
##################################################################################################################################################################################################################################################

        Temperature          |             T, K             |              P               |            k, s-1            |        t_1/2, seconds        |         t_1/2, hours         |         t_1/2, days          |         t_1/2, years        
--------------------------------------------------------------------------------------------------------------------------------------------------------------------------------------------------------------------------------------------------
       averaged data         |            11.00             |         1.560834e-06         |         4.744654e+06         |         1.460901e-07         |         4.058059e-11         |         1.690858e-12         |         4.632488e-15        




##########################################################################################
                          Arrhenius plot data (tunneling only!)                           
##########################################################################################

            T, K             |            1/T, K            |          ln(k), s-1         
------------------------------------------------------------------------------------------
        1.000000e+03         |         1.000000e-03         |         2.759231e+01        
        9.950000e+02         |         1.005025e-03         |         2.758666e+01        
        9.900000e+02         |         1.010101e-03         |         2.758094e+01        
        9.850000e+02         |         1.015228e-03         |         2.757517e+01        
        9.800000e+02         |         1.020408e-03         |         2.756934e+01        
        9.750000e+02         |         1.025641e-03         |         2.756345e+01        
        9.700000e+02         |         1.030928e-03         |         2.755750e+01        
        9.650000e+02         |         1.036269e-03         |         2.755150e+01        
        9.600000e+02         |         1.041667e-03         |         2.754543e+01        
        9.550000e+02         |         1.047120e-03         |         2.753929e+01        
        9.500000e+02         |         1.052632e-03         |         2.753310e+01        
        9.450000e+02         |         1.058201e-03         |         2.752684e+01        
        9.400000e+02         |         1.063830e-03         |         2.752052e+01        
        9.350000e+02         |         1.069519e-03         |         2.751413e+01        
        9.300000e+02         |         1.075269e-03         |         2.750767e+01        
        9.250000e+02         |         1.081081e-03         |         2.750114e+01        
        9.200000e+02         |         1.086957e-03         |         2.749455e+01        
        9.150000e+02         |         1.092896e-03         |         2.748788e+01        
        9.100000e+02         |         1.098901e-03         |         2.748114e+01        
        9.050000e+02         |         1.104972e-03         |         2.747433e+01        
        9.000000e+02         |         1.111111e-03         |         2.746745e+01        
        8.950000e+02         |         1.117318e-03         |         2.746049e+01        
        8.900000e+02         |         1.123596e-03         |         2.745345e+01        
        8.850000e+02         |         1.129944e-03         |         2.744634e+01        
        8.800000e+02         |         1.136364e-03         |         2.743914e+01        
        8.750000e+02         |         1.142857e-03         |         2.743187e+01        
        8.700000e+02         |         1.149425e-03         |         2.742452e+01        
        8.650000e+02         |         1.156069e-03         |         2.741708e+01        
        8.600000e+02         |         1.162791e-03         |         2.740956e+01        
        8.550000e+02         |         1.169591e-03         |         2.740195e+01        
        8.500000e+02         |         1.176471e-03         |         2.739425e+01        
        8.450000e+02         |         1.183432e-03         |         2.738647e+01        
        8.400000e+02         |         1.190476e-03         |         2.737859e+01        
        8.350000e+02         |         1.197605e-03         |         2.737062e+01        
        8.300000e+02         |         1.204819e-03         |         2.736256e+01        
        8.250000e+02         |         1.212121e-03         |         2.735440e+01        
        8.200000e+02         |         1.219512e-03         |         2.734615e+01        
        8.150000e+02         |         1.226994e-03         |         2.733780e+01        
        8.100000e+02         |         1.234568e-03         |         2.732934e+01        
        8.050000e+02         |         1.242236e-03         |         2.732079e+01        
        8.000000e+02         |         1.250000e-03         |         2.731213e+01        
        7.950000e+02         |         1.257862e-03         |         2.730336e+01        
        7.900000e+02         |         1.265823e-03         |         2.729449e+01        
        7.850000e+02         |         1.273885e-03         |         2.728550e+01        
        7.800000e+02         |         1.282051e-03         |         2.727641e+01        
        7.750000e+02         |         1.290323e-03         |         2.726719e+01        
        7.700000e+02         |         1.298701e-03         |         2.725787e+01        
        7.650000e+02         |         1.307190e-03         |         2.724842e+01        
        7.600000e+02         |         1.315789e-03         |         2.723885e+01        
        7.550000e+02         |         1.324503e-03         |         2.722916e+01        
        7.500000e+02         |         1.333333e-03         |         2.721934e+01        
        7.450000e+02         |         1.342282e-03         |         2.720940e+01        
        7.400000e+02         |         1.351351e-03         |         2.719932e+01        
        7.350000e+02         |         1.360544e-03         |         2.718912e+01        
        7.300000e+02         |         1.369863e-03         |         2.717877e+01        
        7.250000e+02         |         1.379310e-03         |         2.716829e+01        
        7.200000e+02         |         1.388889e-03         |         2.715766e+01        
        7.150000e+02         |         1.398601e-03         |         2.714689e+01        
        7.100000e+02         |         1.408451e-03         |         2.713597e+01        
        7.050000e+02         |         1.418440e-03         |         2.712491e+01        
        7.000000e+02         |         1.428571e-03         |         2.711368e+01        
        6.950000e+02         |         1.438849e-03         |         2.710231e+01        
        6.900000e+02         |         1.449275e-03         |         2.709077e+01        
        6.850000e+02         |         1.459854e-03         |         2.707907e+01        
        6.800000e+02         |         1.470588e-03         |         2.706720e+01        
        6.750000e+02         |         1.481481e-03         |         2.705516e+01        
        6.700000e+02         |         1.492537e-03         |         2.704294e+01        
        6.650000e+02         |         1.503759e-03         |         2.703055e+01        
        6.600000e+02         |         1.515152e-03         |         2.701798e+01        
        6.550000e+02         |         1.526718e-03         |         2.700522e+01        
        6.500000e+02         |         1.538462e-03         |         2.699227e+01        
        6.450000e+02         |         1.550388e-03         |         2.697913e+01        
        6.400000e+02         |         1.562500e-03         |         2.696578e+01        
        6.350000e+02         |         1.574803e-03         |         2.695224e+01        
        6.300000e+02         |         1.587302e-03         |         2.693848e+01        
        6.250000e+02         |         1.600000e-03         |         2.692451e+01        
        6.200000e+02         |         1.612903e-03         |         2.691033e+01        
        6.150000e+02         |         1.626016e-03         |         2.689592e+01        
        6.100000e+02         |         1.639344e-03         |         2.688128e+01        
        6.050000e+02         |         1.652893e-03         |         2.686641e+01        
        6.000000e+02         |         1.666667e-03         |         2.685130e+01        
        5.950000e+02         |         1.680672e-03         |         2.683595e+01        
        5.900000e+02         |         1.694915e-03         |         2.682034e+01        
        5.850000e+02         |         1.709402e-03         |         2.680448e+01        
        5.800000e+02         |         1.724138e-03         |         2.678835e+01        
        5.750000e+02         |         1.739130e-03         |         2.677195e+01        
        5.700000e+02         |         1.754386e-03         |         2.675528e+01        
        5.650000e+02         |         1.769912e-03         |         2.673832e+01        
        5.600000e+02         |         1.785714e-03         |         2.672107e+01        
        5.550000e+02         |         1.801802e-03         |         2.670352e+01        
        5.500000e+02         |         1.818182e-03         |         2.668566e+01        
        5.450000e+02         |         1.834862e-03         |         2.666749e+01        
        5.400000e+02         |         1.851852e-03         |         2.664899e+01        
        5.350000e+02         |         1.869159e-03         |         2.663016e+01        
        5.300000e+02         |         1.886792e-03         |         2.661100e+01        
        5.250000e+02         |         1.904762e-03         |         2.659148e+01        
        5.200000e+02         |         1.923077e-03         |         2.657160e+01        
        5.150000e+02         |         1.941748e-03         |         2.655135e+01        
        5.100000e+02         |         1.960784e-03         |         2.653072e+01        
        5.050000e+02         |         1.980198e-03         |         2.650969e+01        
        5.000000e+02         |         2.000000e-03         |         2.648827e+01        
        4.950000e+02         |         2.020202e-03         |         2.646643e+01        
        4.900000e+02         |         2.040816e-03         |         2.644416e+01        
        4.850000e+02         |         2.061856e-03         |         2.642146e+01        
        4.800000e+02         |         2.083333e-03         |         2.639830e+01        
        4.750000e+02         |         2.105263e-03         |         2.637468e+01        
        4.700000e+02         |         2.127660e-03         |         2.635058e+01        
        4.650000e+02         |         2.150538e-03         |         2.632598e+01        
        4.600000e+02         |         2.173913e-03         |         2.630088e+01        
        4.550000e+02         |         2.197802e-03         |         2.627525e+01        
        4.500000e+02         |         2.222222e-03         |         2.624907e+01        
        4.450000e+02         |         2.247191e-03         |         2.622234e+01        
        4.400000e+02         |         2.272727e-03         |         2.619503e+01        
        4.350000e+02         |         2.298851e-03         |         2.616712e+01        
        4.300000e+02         |         2.325581e-03         |         2.613860e+01        
        4.250000e+02         |         2.352941e-03         |         2.610944e+01        
        4.200000e+02         |         2.380952e-03         |         2.607962e+01        
        4.150000e+02         |         2.409639e-03         |         2.604912e+01        
        4.100000e+02         |         2.439024e-03         |         2.601792e+01        
        4.050000e+02         |         2.469136e-03         |         2.598599e+01        
        4.000000e+02         |         2.500000e-03         |         2.595331e+01        
        3.950000e+02         |         2.531646e-03         |         2.591985e+01        
        3.900000e+02         |         2.564103e-03         |         2.588558e+01        
        3.850000e+02         |         2.597403e-03         |         2.585047e+01        
        3.800000e+02         |         2.631579e-03         |         2.581449e+01        
        3.750000e+02         |         2.666667e-03         |         2.577761e+01        
        3.700000e+02         |         2.702703e-03         |         2.573979e+01        
        3.650000e+02         |         2.739726e-03         |         2.570100e+01        
        3.600000e+02         |         2.777778e-03         |         2.566121e+01        
        3.550000e+02         |         2.816901e-03         |         2.562036e+01        
        3.500000e+02         |         2.857143e-03         |         2.557843e+01        
        3.450000e+02         |         2.898551e-03         |         2.553536e+01        
        3.400000e+02         |         2.941176e-03         |         2.549112e+01        
        3.350000e+02         |         2.985075e-03         |         2.544564e+01        
        3.300000e+02         |         3.030303e-03         |         2.539889e+01        
        3.250000e+02         |         3.076923e-03         |         2.535081e+01        
        3.200000e+02         |         3.125000e-03         |         2.530133e+01        
        3.150000e+02         |         3.174603e-03         |         2.525041e+01        
        3.100000e+02         |         3.225806e-03         |         2.519797e+01        
        3.050000e+02         |         3.278689e-03         |         2.514394e+01        
        3.000000e+02         |         3.333333e-03         |         2.508827e+01        
        2.950000e+02         |         3.389831e-03         |         2.503087e+01        
        2.900000e+02         |         3.448276e-03         |         2.497165e+01        
        2.850000e+02         |         3.508772e-03         |         2.491055e+01        
        2.800000e+02         |         3.571429e-03         |         2.484746e+01        
        2.750000e+02         |         3.636364e-03         |         2.478229e+01        
        2.700000e+02         |         3.703704e-03         |         2.471493e+01        
        2.650000e+02         |         3.773585e-03         |         2.464529e+01        
        2.600000e+02         |         3.846154e-03         |         2.457324e+01        
        2.550000e+02         |         3.921569e-03         |         2.449866e+01        
        2.500000e+02         |         4.000000e-03         |         2.442141e+01        
        2.450000e+02         |         4.081633e-03         |         2.434137e+01        
        2.400000e+02         |         4.166667e-03         |         2.425837e+01        
        2.350000e+02         |         4.255319e-03         |         2.417226e+01        
        2.300000e+02         |         4.347826e-03         |         2.408286e+01        
        2.250000e+02         |         4.444444e-03         |         2.399001e+01        
        2.200000e+02         |         4.545455e-03         |         2.389349e+01        
        2.150000e+02         |         4.651163e-03         |         2.379310e+01        
        2.100000e+02         |         4.761905e-03         |         2.368861e+01        
        2.050000e+02         |         4.878049e-03         |         2.357980e+01        
        2.000000e+02         |         5.000000e-03         |         2.346639e+01        
        1.950000e+02         |         5.128205e-03         |         2.334812e+01        
        1.900000e+02         |         5.263158e-03         |         2.322469e+01        
        1.850000e+02         |         5.405405e-03         |         2.309580e+01        
        1.800000e+02         |         5.555556e-03         |         2.296111e+01        
        1.750000e+02         |         5.714286e-03         |         2.282026e+01        
        1.700000e+02         |         5.882353e-03         |         2.267289e+01        
        1.650000e+02         |         6.060606e-03         |         2.251860e+01        
        1.600000e+02         |         6.250000e-03         |         2.235698e+01        
        1.550000e+02         |         6.451613e-03         |         2.218761e+01        
        1.500000e+02         |         6.666667e-03         |         2.201004e+01        
        1.450000e+02         |         6.896552e-03         |         2.182383e+01        
        1.400000e+02         |         7.142857e-03         |         2.162855e+01        
        1.350000e+02         |         7.407407e-03         |         2.142379e+01        
        1.300000e+02         |         7.692308e-03         |         2.120915e+01        
        1.250000e+02         |         8.000000e-03         |         2.098435e+01        
        1.200000e+02         |         8.333333e-03         |         2.074917e+01        
        1.150000e+02         |         8.695652e-03         |         2.050356e+01        
        1.100000e+02         |         9.090909e-03         |         2.024849e+01        
        1.050000e+02         |         9.523810e-03         |         1.998260e+01        
        1.000000e+02         |         1.000000e-02         |         1.970762e+01        
        9.500000e+01         |         1.052632e-02         |         1.942475e+01        
        9.000000e+01         |         1.111111e-02         |         1.913564e+01        
        8.500000e+01         |         1.176471e-02         |         1.884243e+01        
        8.000000e+01         |         1.250000e-02         |         1.854767e+01        
        7.500000e+01         |         1.333333e-02         |         1.825420e+01        
        7.000000e+01         |         1.428571e-02         |         1.796492e+01        
        6.500000e+01         |         1.538462e-02         |         1.768251e+01        
        6.000000e+01         |         1.666667e-02         |         1.740927e+01        
        5.500000e+01         |         1.818182e-02         |         1.714692e+01        
        5.000000e+01         |         2.000000e-02         |         1.689661e+01        
        4.500000e+01         |         2.222222e-02         |         1.665900e+01        
        4.000000e+01         |         2.500000e-02         |         1.643433e+01        
        3.500000e+01         |         2.857143e-02         |         1.622259e+01        
        3.000000e+01         |         3.333333e-02         |         1.602350e+01        
        2.500000e+01         |         4.000000e-02         |         1.583661e+01        
        2.000000e+01         |         5.000000e-02         |         1.566131e+01        
        1.500000e+01         |         6.666667e-02         |         1.549693e+01        
        1.000000e+01         |         1.000000e-01         |         1.534236e+01        
        5.000000e+00         |         2.000000e-01         |         1.519689e+01        




#####################################################################################################
 The ZPVE-corrected IRC-surface approximated by a cubic spline after offsetting and potential scaling
#####################################################################################################

   IRC, sqrt(amu) * bohr     |       Energy, kJ mol-1      
------------------------------------------------------------
         -4.835440           |           0.000000          
         -4.718247           |           0.009213          
         -4.601053           |           0.022781          
         -4.483860           |           0.042055          
         -4.366666           |           0.064958          
         -4.249473           |           0.090867          
         -4.132280           |           0.118626          
         -4.015086           |           0.146970          
         -3.897893           |           0.175064          
         -3.780699           |           0.201596          
         -3.663506           |           0.225741          
         -3.546313           |           0.247310          
         -3.429119           |           0.265498          
         -3.311926           |           0.280787          
         -3.194732           |           0.293538          
         -3.077539           |           0.304979          
         -2.960346           |           0.316400          
         -2.843152           |           0.329433          
         -2.725959           |           0.346672          
         -2.608765           |           0.370530          
         -2.491572           |           0.404540          
         -2.374379           |           0.451505          
         -2.257185           |           0.517029          
         -2.139992           |           0.603468          
         -2.022798           |           0.716060          
         -1.905605           |           0.861249          
         -1.788412           |           1.041333          
         -1.671218           |           1.264107          
         -1.554025           |           1.529849          
         -1.436831           |           1.841723          
         -1.319638           |           2.205450          
         -1.202445           |           2.625739          
         -1.085251           |           3.107594          
         -0.968058           |           3.658400          
         -0.850864           |           4.276446          
         -0.733671           |           4.966753          
         -0.616478           |           5.732505          
         -0.499284           |           6.557489          
         -0.382091           |           7.426158          
         -0.264897           |           8.301803          
         -0.147704           |           9.093586          
         -0.030511           |           9.785049          
          0.086683           |          10.176336          
          0.203876           |          10.342779          
          0.321070           |          10.036105          
          0.438263           |           9.347634          
          0.555456           |           7.982702          
          0.672650           |           5.989679          
          0.789843           |           3.308403          
          0.907037           |          -0.179304          
          1.024230           |          -4.398765          
          1.141423           |          -9.391127          
          1.258617           |          -15.157668         
          1.375810           |          -21.580141         
          1.493004           |          -28.656560         
          1.610197           |          -36.293526         
          1.727390           |          -44.394894         
          1.844584           |          -52.921561         
          1.961777           |          -61.751915         
          2.078971           |          -70.826775         
          2.196164           |          -80.089141         
          2.313357           |          -89.445575         
          2.430551           |          -98.853952         
          2.547744           |         -108.253558         
          2.664938           |         -117.580046         
          2.782131           |         -126.804473         
          2.899324           |         -135.869871         
          3.016518           |         -144.740938         
          3.133711           |         -153.396146         
          3.250905           |         -161.787611         
          3.368098           |         -169.896122         
          3.485291           |         -177.700842         
          3.602485           |         -185.166902         
          3.719678           |         -192.291345         
          3.836872           |         -199.052092         
          3.954065           |         -205.434794         
          4.071258           |         -211.446392         
          4.188452           |         -217.066130         
          4.305645           |         -222.302018         
          4.422839           |         -227.165093         
          4.540032           |         -231.645645         
          4.657225           |         -235.766696         
          4.774419           |         -239.537686         
          4.891612           |         -242.976504         
          5.008806           |         -246.112668         
          5.125999           |         -248.960026         
          5.243192           |         -251.540330         
          5.360386           |         -253.876699         
          5.477579           |         -255.989813         
          5.594773           |         -257.901561         
          5.711966           |         -259.629375         
          5.829159           |         -261.176767         
          5.946353           |         -262.559442         
          6.063546           |         -263.781495         
          6.180740           |         -264.847031         
          6.297933           |         -265.771211         
          6.415126           |         -266.550235         
          6.532320           |         -267.192899         
          6.649513           |         -267.712538         
          6.766707           |         -268.084780         
          6.883900           |         -268.344704         


################################################################################
Offset is defined as E(IRC_min) + ZPVE(IRC_min) − E0 − ZPVE0
################################################################################

                           offset = 0.049829 kJ mol-1                           
