#####################################################################################################################################################################
                                    The vibrational level indexes, energies, corresponding turning points (tp), and WKB integrals                                    
#####################################################################################################################################################################

             N               | Vibrational energy, kJ mol-1 | tp (left), sqrt(amu) * bohr  | tp (right), sqrt(amu) * bohr | WKB integral, sqrt(Hartree) * amu * bohr
---------------------------------------------------------------------------------------------------------------------------------------------------------------------
             0               |         1.024643e+01         |        -2.241558e+00         |         8.712784e-01         |         2.433601e+01        
             1               |         3.073930e+01         |        -1.234433e+00         |         7.793793e-01         |         1.731705e+01        
             2               |         5.123217e+01         |        -9.568616e-01         |         6.846149e-01         |         1.313729e+01        
             3               |         7.172504e+01         |        -7.521089e-01         |         5.840590e-01         |         9.507072e+00        
             4               |         9.221791e+01         |        -5.693837e-01         |         4.724770e-01         |         6.220166e+00        
             5               |         1.127108e+02         |        -3.873853e-01         |         3.372853e-01         |         3.193982e+00        
             6               |         1.332036e+02         |        -1.374557e-01         |         1.187672e-01         |         3.652590e-01        
             7               |         1.536965e+02         |       No turning point       |       No turning point       |        -2.621180e+00        


##################################################################################################################################################################################################################################################
                                                    The vibrational level indexes, energies, corresponding transmission probabilities (P), reaction rate (k), and tunneling half-lives (t_1/2)                                                    
##################################################################################################################################################################################################################################################

             N               | Vibrational energy, kJ mol-1 |              P               |            k, s-1            |        t_1/2, seconds        |         t_1/2, hours         |         t_1/2, days          |         t_1/2, years        
--------------------------------------------------------------------------------------------------------------------------------------------------------------------------------------------------------------------------------------------------
             0               |         1.024643e+01         |         7.278021e-22         |         3.737740e-08         |         1.854455e+07         |         5.151264e+03         |         2.146360e+02         |         5.880439e-01        
             1               |         3.073930e+01         |         9.090785e-16         |         4.668713e-02         |         1.484664e+01         |         4.124068e-03         |         1.718361e-04         |         4.707840e-07        
             2               |         5.123217e+01         |         3.882324e-12         |         1.993828e+02         |         3.476465e-03         |         9.656846e-07         |         4.023686e-08         |         1.102380e-10        
             3               |         7.172504e+01         |         5.524104e-09         |         2.836989e+05         |         2.443249e-06         |         6.786803e-10         |         2.827835e-11         |         7.747492e-14        
             4               |         9.221791e+01         |         3.955765e-06         |         2.031544e+08         |         3.411922e-09         |         9.477562e-13         |         3.948984e-14         |         1.081914e-16        
             5               |         1.127108e+02         |         1.678854e-03         |         8.622012e+10         |         8.039274e-12         |         2.233132e-15         |         9.304715e-17         |         2.549237e-19        
             6               |         1.332036e+02         |         3.250811e-01         |         1.669504e+13         |         4.151815e-14         |         1.153282e-17         |         4.805341e-19         |         1.316532e-21        
             7               |         1.536965e+02         |         9.947401e-01         |         5.108641e+13         |         1.356813e-14         |         3.768925e-18         |         1.570386e-19         |         4.302426e-22        




##################################################################################################################################################################################################################################################
                                                                 The average transmission probabilities (P), reaction rate (k), and tunneling half-lives (t_1/2) for T = 10.00 K                                                                  
##################################################################################################################################################################################################################################################

        Temperature          |             T, K             |              P               |            k, s-1            |        t_1/2, seconds        |         t_1/2, hours         |         t_1/2, days          |         t_1/2, years        
--------------------------------------------------------------------------------------------------------------------------------------------------------------------------------------------------------------------------------------------------
       averaged data         |            10.00             |         7.278021e-22         |         3.737740e-08         |         1.854455e+07         |         5.151264e+03         |         2.146360e+02         |         5.880439e-01        




##########################################################################################
                          Arrhenius plot data (tunneling only!)                           
##########################################################################################

            T, K             |            1/T, K            |          ln(k), s-1         
------------------------------------------------------------------------------------------
        1.000000e+03         |         1.000000e-03         |         1.586671e+01        
        9.950000e+02         |         1.005025e-03         |         1.579129e+01        
        9.900000e+02         |         1.010101e-03         |         1.571514e+01        
        9.850000e+02         |         1.015228e-03         |         1.563825e+01        
        9.800000e+02         |         1.020408e-03         |         1.556060e+01        
        9.750000e+02         |         1.025641e-03         |         1.548219e+01        
        9.700000e+02         |         1.030928e-03         |         1.540300e+01        
        9.650000e+02         |         1.036269e-03         |         1.532303e+01        
        9.600000e+02         |         1.041667e-03         |         1.524225e+01        
        9.550000e+02         |         1.047120e-03         |         1.516066e+01        
        9.500000e+02         |         1.052632e-03         |         1.507825e+01        
        9.450000e+02         |         1.058201e-03         |         1.499499e+01        
        9.400000e+02         |         1.063830e-03         |         1.491089e+01        
        9.350000e+02         |         1.069519e-03         |         1.482593e+01        
        9.300000e+02         |         1.075269e-03         |         1.474009e+01        
        9.250000e+02         |         1.081081e-03         |         1.465335e+01        
        9.200000e+02         |         1.086957e-03         |         1.456572e+01        
        9.150000e+02         |         1.092896e-03         |         1.447716e+01        
        9.100000e+02         |         1.098901e-03         |         1.438768e+01        
        9.050000e+02         |         1.104972e-03         |         1.429724e+01        
        9.000000e+02         |         1.111111e-03         |         1.420585e+01        
        8.950000e+02         |         1.117318e-03         |         1.411347e+01        
        8.900000e+02         |         1.123596e-03         |         1.402010e+01        
        8.850000e+02         |         1.129944e-03         |         1.392572e+01        
        8.800000e+02         |         1.136364e-03         |         1.383031e+01        
        8.750000e+02         |         1.142857e-03         |         1.373386e+01        
        8.700000e+02         |         1.149425e-03         |         1.363635e+01        
        8.650000e+02         |         1.156069e-03         |         1.353776e+01        
        8.600000e+02         |         1.162791e-03         |         1.343808e+01        
        8.550000e+02         |         1.169591e-03         |         1.333728e+01        
        8.500000e+02         |         1.176471e-03         |         1.323535e+01        
        8.450000e+02         |         1.183432e-03         |         1.313227e+01        
        8.400000e+02         |         1.190476e-03         |         1.302801e+01        
        8.350000e+02         |         1.197605e-03         |         1.292257e+01        
        8.300000e+02         |         1.204819e-03         |         1.281591e+01        
        8.250000e+02         |         1.212121e-03         |         1.270802e+01        
        8.200000e+02         |         1.219512e-03         |         1.259887e+01        
        8.150000e+02         |         1.226994e-03         |         1.248845e+01        
        8.100000e+02         |         1.234568e-03         |         1.237674e+01        
        8.050000e+02         |         1.242236e-03         |         1.226370e+01        
        8.000000e+02         |         1.250000e-03         |         1.214932e+01        
        7.950000e+02         |         1.257862e-03         |         1.203357e+01        
        7.900000e+02         |         1.265823e-03         |         1.191643e+01        
        7.850000e+02         |         1.273885e-03         |         1.179787e+01        
        7.800000e+02         |         1.282051e-03         |         1.167787e+01        
        7.750000e+02         |         1.290323e-03         |         1.155640e+01        
        7.700000e+02         |         1.298701e-03         |         1.143344e+01        
        7.650000e+02         |         1.307190e-03         |         1.130896e+01        
        7.600000e+02         |         1.315789e-03         |         1.118293e+01        
        7.550000e+02         |         1.324503e-03         |         1.105532e+01        
        7.500000e+02         |         1.333333e-03         |         1.092610e+01        
        7.450000e+02         |         1.342282e-03         |         1.079525e+01        
        7.400000e+02         |         1.351351e-03         |         1.066273e+01        
        7.350000e+02         |         1.360544e-03         |         1.052851e+01        
        7.300000e+02         |         1.369863e-03         |         1.039257e+01        
        7.250000e+02         |         1.379310e-03         |         1.025486e+01        
        7.200000e+02         |         1.388889e-03         |         1.011536e+01        
        7.150000e+02         |         1.398601e-03         |         9.974023e+00        
        7.100000e+02         |         1.408451e-03         |         9.830828e+00        
        7.050000e+02         |         1.418440e-03         |         9.685734e+00        
        7.000000e+02         |         1.428571e-03         |         9.538705e+00        
        6.950000e+02         |         1.438849e-03         |         9.389704e+00        
        6.900000e+02         |         1.449275e-03         |         9.238693e+00        
        6.850000e+02         |         1.459854e-03         |         9.085635e+00        
        6.800000e+02         |         1.470588e-03         |         8.930488e+00        
        6.750000e+02         |         1.481481e-03         |         8.773214e+00        
        6.700000e+02         |         1.492537e-03         |         8.613771e+00        
        6.650000e+02         |         1.503759e-03         |         8.452117e+00        
        6.600000e+02         |         1.515152e-03         |         8.288209e+00        
        6.550000e+02         |         1.526718e-03         |         8.122005e+00        
        6.500000e+02         |         1.538462e-03         |         7.953459e+00        
        6.450000e+02         |         1.550388e-03         |         7.782527e+00        
        6.400000e+02         |         1.562500e-03         |         7.609162e+00        
        6.350000e+02         |         1.574803e-03         |         7.433318e+00        
        6.300000e+02         |         1.587302e-03         |         7.254947e+00        
        6.250000e+02         |         1.600000e-03         |         7.074000e+00        
        6.200000e+02         |         1.612903e-03         |         6.890428e+00        
        6.150000e+02         |         1.626016e-03         |         6.704183e+00        
        6.100000e+02         |         1.639344e-03         |         6.515212e+00        
        6.050000e+02         |         1.652893e-03         |         6.323465e+00        
        6.000000e+02         |         1.666667e-03         |         6.128891e+00        
        5.950000e+02         |         1.680672e-03         |         5.931437e+00        
        5.900000e+02         |         1.694915e-03         |         5.731051e+00        
        5.850000e+02         |         1.709402e-03         |         5.527680e+00        
        5.800000e+02         |         1.724138e-03         |         5.321270e+00        
        5.750000e+02         |         1.739130e-03         |         5.111770e+00        
        5.700000e+02         |         1.754386e-03         |         4.899126e+00        
        5.650000e+02         |         1.769912e-03         |         4.683285e+00        
        5.600000e+02         |         1.785714e-03         |         4.464196e+00        
        5.550000e+02         |         1.801802e-03         |         4.241806e+00        
        5.500000e+02         |         1.818182e-03         |         4.016065e+00        
        5.450000e+02         |         1.834862e-03         |         3.786925e+00        
        5.400000e+02         |         1.851852e-03         |         3.554337e+00        
        5.350000e+02         |         1.869159e-03         |         3.318255e+00        
        5.300000e+02         |         1.886792e-03         |         3.078637e+00        
        5.250000e+02         |         1.904762e-03         |         2.835441e+00        
        5.200000e+02         |         1.923077e-03         |         2.588631e+00        
        5.150000e+02         |         1.941748e-03         |         2.338173e+00        
        5.100000e+02         |         1.960784e-03         |         2.084039e+00        
        5.050000e+02         |         1.980198e-03         |         1.826206e+00        
        5.000000e+02         |         2.000000e-03         |         1.564657e+00        
        4.950000e+02         |         2.020202e-03         |         1.299382e+00        
        4.900000e+02         |         2.040816e-03         |         1.030379e+00        
        4.850000e+02         |         2.061856e-03         |         7.576566e-01        
        4.800000e+02         |         2.083333e-03         |         4.812321e-01        
        4.750000e+02         |         2.105263e-03         |         2.011357e-01        
        4.700000e+02         |         2.127660e-03         |        -8.258935e-02        
        4.650000e+02         |         2.150538e-03         |        -3.698852e-01        
        4.600000e+02         |         2.173913e-03         |        -6.606774e-01        
        4.550000e+02         |         2.197802e-03         |        -9.548735e-01        
        4.500000e+02         |         2.222222e-03         |        -1.252361e+00        
        4.450000e+02         |         2.247191e-03         |        -1.553006e+00        
        4.400000e+02         |         2.272727e-03         |        -1.856652e+00        
        4.350000e+02         |         2.298851e-03         |        -2.163115e+00        
        4.300000e+02         |         2.325581e-03         |        -2.472187e+00        
        4.250000e+02         |         2.352941e-03         |        -2.783630e+00        
        4.200000e+02         |         2.380952e-03         |        -3.097180e+00        
        4.150000e+02         |         2.409639e-03         |        -3.412541e+00        
        4.100000e+02         |         2.439024e-03         |        -3.729389e+00        
        4.050000e+02         |         2.469136e-03         |        -4.047372e+00        
        4.000000e+02         |         2.500000e-03         |        -4.366112e+00        
        3.950000e+02         |         2.531646e-03         |        -4.685205e+00        
        3.900000e+02         |         2.564103e-03         |        -5.004228e+00        
        3.850000e+02         |         2.597403e-03         |        -5.322743e+00        
        3.800000e+02         |         2.631579e-03         |        -5.640300e+00        
        3.750000e+02         |         2.666667e-03         |        -5.956447e+00        
        3.700000e+02         |         2.702703e-03         |        -6.270733e+00        
        3.650000e+02         |         2.739726e-03         |        -6.582721e+00        
        3.600000e+02         |         2.777778e-03         |        -6.891989e+00        
        3.550000e+02         |         2.816901e-03         |        -7.198143e+00        
        3.500000e+02         |         2.857143e-03         |        -7.500818e+00        
        3.450000e+02         |         2.898551e-03         |        -7.799688e+00        
        3.400000e+02         |         2.941176e-03         |        -8.094471e+00        
        3.350000e+02         |         2.985075e-03         |        -8.384929e+00        
        3.300000e+02         |         3.030303e-03         |        -8.670872e+00        
        3.250000e+02         |         3.076923e-03         |        -8.952163e+00        
        3.200000e+02         |         3.125000e-03         |        -9.228716e+00        
        3.150000e+02         |         3.174603e-03         |        -9.500499e+00        
        3.100000e+02         |         3.225806e-03         |        -9.767536e+00        
        3.050000e+02         |         3.278689e-03         |        -1.002991e+01        
        3.000000e+02         |         3.333333e-03         |        -1.028775e+01        
        2.950000e+02         |         3.389831e-03         |        -1.054128e+01        
        2.900000e+02         |         3.448276e-03         |        -1.079076e+01        
        2.850000e+02         |         3.508772e-03         |        -1.103652e+01        
        2.800000e+02         |         3.571429e-03         |        -1.127897e+01        
        2.750000e+02         |         3.636364e-03         |        -1.151859e+01        
        2.700000e+02         |         3.703704e-03         |        -1.175592e+01        
        2.650000e+02         |         3.773585e-03         |        -1.199158e+01        
        2.600000e+02         |         3.846154e-03         |        -1.222624e+01        
        2.550000e+02         |         3.921569e-03         |        -1.246061e+01        
        2.500000e+02         |         4.000000e-03         |        -1.269545e+01        
        2.450000e+02         |         4.081633e-03         |        -1.293154e+01        
        2.400000e+02         |         4.166667e-03         |        -1.316965e+01        
        2.350000e+02         |         4.255319e-03         |        -1.341054e+01        
        2.300000e+02         |         4.347826e-03         |        -1.365488e+01        
        2.250000e+02         |         4.444444e-03         |        -1.390323e+01        
        2.200000e+02         |         4.545455e-03         |        -1.415598e+01        
        2.150000e+02         |         4.651163e-03         |        -1.441324e+01        
        2.100000e+02         |         4.761905e-03         |        -1.467473e+01        
        2.050000e+02         |         4.878049e-03         |        -1.493961e+01        
        2.000000e+02         |         5.000000e-03         |        -1.520627e+01        
        1.950000e+02         |         5.128205e-03         |        -1.547206e+01        
        1.900000e+02         |         5.263158e-03         |        -1.573313e+01        
        1.850000e+02         |         5.405405e-03         |        -1.598423e+01        
        1.800000e+02         |         5.555556e-03         |        -1.621893e+01        
        1.750000e+02         |         5.714286e-03         |        -1.643031e+01        
        1.700000e+02         |         5.882353e-03         |        -1.661218e+01        
        1.650000e+02         |         6.060606e-03         |        -1.676059e+01        
        1.600000e+02         |         6.250000e-03         |        -1.687491e+01        
        1.550000e+02         |         6.451613e-03         |        -1.695792e+01        
        1.500000e+02         |         6.666667e-03         |        -1.701480e+01        
        1.450000e+02         |         6.896552e-03         |        -1.705168e+01        
        1.400000e+02         |         7.142857e-03         |        -1.707436e+01        
        1.350000e+02         |         7.407407e-03         |        -1.708760e+01        
        1.300000e+02         |         7.692308e-03         |        -1.709494e+01        
        1.250000e+02         |         8.000000e-03         |        -1.709879e+01        
        1.200000e+02         |         8.333333e-03         |        -1.710070e+01        
        1.150000e+02         |         8.695652e-03         |        -1.710159e+01        
        1.100000e+02         |         9.090909e-03         |        -1.710197e+01        
        1.050000e+02         |         9.523810e-03         |        -1.710212e+01        
        1.000000e+02         |         1.000000e-02         |        -1.710217e+01        
        9.500000e+01         |         1.052632e-02         |        -1.710219e+01        
        9.000000e+01         |         1.111111e-02         |        -1.710220e+01        
        8.500000e+01         |         1.176471e-02         |        -1.710220e+01        
        8.000000e+01         |         1.250000e-02         |        -1.710220e+01        
        7.500000e+01         |         1.333333e-02         |        -1.710220e+01        
        7.000000e+01         |         1.428571e-02         |        -1.710220e+01        
        6.500000e+01         |         1.538462e-02         |        -1.710220e+01        
        6.000000e+01         |         1.666667e-02         |        -1.710220e+01        
        5.500000e+01         |         1.818182e-02         |        -1.710220e+01        
        5.000000e+01         |         2.000000e-02         |        -1.710220e+01        
        4.500000e+01         |         2.222222e-02         |        -1.710220e+01        
        4.000000e+01         |         2.500000e-02         |        -1.710220e+01        
        3.500000e+01         |         2.857143e-02         |        -1.710220e+01        
        3.000000e+01         |         3.333333e-02         |        -1.710220e+01        
        2.500000e+01         |         4.000000e-02         |        -1.710220e+01        
        2.000000e+01         |         5.000000e-02         |        -1.710220e+01        
        1.500000e+01         |         6.666667e-02         |        -1.710220e+01        
        1.000000e+01         |         1.000000e-01         |        -1.710220e+01        
        5.000000e+00         |         2.000000e-01         |        -1.710220e+01        




#####################################################################################################
 The ZPVE-corrected IRC-surface approximated by a cubic spline after offsetting and potential scaling
#####################################################################################################

   IRC, sqrt(amu) * bohr     |       Energy, kJ mol-1      
------------------------------------------------------------
         -2.296280           |           0.000000          
         -2.244358           |           9.829496          
         -2.192437           |          13.838286          
         -2.140515           |          13.990475          
         -2.088594           |          14.199974          
         -2.036672           |          14.478854          
         -1.984751           |          14.818633          
         -1.932829           |          15.231718          
         -1.880908           |          15.691141          
         -1.828986           |          16.181196          
         -1.777065           |          16.695854          
         -1.725143           |          17.196047          
         -1.673222           |          17.740029          
         -1.621300           |          18.327275          
         -1.569379           |          19.067368          
         -1.517457           |          20.004342          
         -1.465536           |          21.221644          
         -1.413614           |          22.760860          
         -1.361693           |          24.631073          
         -1.309772           |          26.869726          
         -1.257850           |          29.448418          
         -1.205928           |          32.395701          
         -1.154007           |          35.671824          
         -1.102086           |          39.301171          
         -1.050164           |          43.277000          
         -0.998242           |          47.583627          
         -0.946321           |          52.194734          
         -0.894400           |          57.085982          
         -0.842478           |          62.245975          
         -0.790557           |          67.619809          
         -0.738635           |          73.187620          
         -0.686713           |          78.897188          
         -0.634792           |          84.735304          
         -0.582871           |          90.659193          
         -0.530949           |          96.674920          
         -0.479027           |          102.608710         
         -0.427106           |          108.450571         
         -0.375185           |          113.993950         
         -0.323263           |          119.249773         
         -0.271342           |          123.933942         
         -0.219420           |          128.106459         
         -0.167499           |          131.486174         
         -0.115577           |          134.164365         
         -0.063655           |          135.143192         
         -0.011734           |          135.231270         
          0.040188           |          135.090491         
          0.092109           |          134.225328         
          0.144030           |          131.617712         
          0.195952           |          127.521848         
          0.247873           |          122.922635         
          0.299795           |          117.329101         
          0.351716           |          110.774595         
          0.403638           |          103.326598         
          0.455559           |          95.077720          
          0.507481           |          86.122104          
          0.559403           |          76.496979          
          0.611324           |          66.351589          
          0.663245           |          55.719804          
          0.715167           |          44.744797          
          0.767088           |          33.446483          
          0.819010           |          21.968285          
          0.870931           |          10.324469          
          0.922853           |          -1.344197          
          0.974774           |          -13.026359         
          1.026696           |          -24.624954         
          1.078618           |          -36.133638         
          1.130539           |          -47.434521         
          1.182460           |          -58.528873         
          1.234382           |          -69.349292         
          1.286303           |          -79.892905         
          1.338225           |          -90.084374         
          1.390146           |          -99.924956         
          1.442068           |         -109.356585         
          1.493989           |         -118.378768         
          1.545911           |         -126.944554         
          1.597832           |         -135.061502         
          1.649754           |         -142.721821         
          1.701675           |         -149.900839         
          1.753597           |         -156.600735         
          1.805518           |         -162.757170         
          1.857440           |         -168.277867         
          1.909361           |         -173.277616         
          1.961283           |         -177.879685         
          2.013205           |         -181.956013         
          2.065126           |         -185.554707         
          2.117047           |         -188.620997         
          2.168969           |         -191.225484         
          2.220890           |         -193.301428         
          2.272812           |         -194.921534         
          2.324733           |         -196.059496         
          2.376655           |         -196.797388         
          2.428576           |         -197.250319         
          2.480498           |         -197.515276         
          2.532420           |         -197.758055         
          2.584341           |         -197.973129         
          2.636262           |         -198.174084         
          2.688184           |         -198.360502         
          2.740105           |         -198.555380         
          2.792027           |         -198.714813         
          2.843948           |         -198.827553         
          2.895870           |         -198.886849         


################################################################################
Offset is defined as E(IRC_min) + ZPVE(IRC_min) − E0 − ZPVE0
################################################################################

                         offset = -152.239597 kJ mol-1                          
